[dotenv@17.2.1] injecting env (6) from .env.local -- tip: ≡ƒôí auto-backup env with Radar: https://dotenvx.com/radar
Γ£à Connected to MongoDB

≡ƒº¬ STARTING INTEGRITY TESTS...

≡ƒô¥ SETUP: Creating test data...

≡ƒº╣ CLEANUP: Removing test data...
Γ£à Cleanup complete
≡ƒæï Disconnected
