app/admin/families/[familyCode]/page.tsx(7,17): error TS2305: Module '"@/components/ui/table"' has no exported member 'Tbody'.
app/admin/families/[familyCode]/page.tsx(7,24): error TS2305: Module '"@/components/ui/table"' has no exported member 'Td'.
app/admin/families/[familyCode]/page.tsx(7,28): error TS2305: Module '"@/components/ui/table"' has no exported member 'Th'.
app/admin/families/[familyCode]/page.tsx(7,32): error TS2305: Module '"@/components/ui/table"' has no exported member 'Thead'.
app/admin/families/[familyCode]/page.tsx(7,39): error TS2305: Module '"@/components/ui/table"' has no exported member 'Tr'.
app/api/documents/member/[memberId]/route.ts(40,45): error TS2551: Property 'getFamilyMemberDocuments' does not exist on type '{ checkEmailExists(email: string): Promise<boolean>; checkLoginIdExists(loginId: string): Promise<boolean>; checkAadhaarExists(aadhaarNumber: string): Promise<...>; ... 39 more ...; getAllFamiliesWithMembers(): Promise<...>; }'. Did you mean 'getFamilyMembersAdmin'?
app/api/documents/upload/route.ts(30,44): error TS2339: Property 'uploadDocument' does not exist on type '{ checkEmailExists(email: string): Promise<boolean>; checkLoginIdExists(loginId: string): Promise<boolean>; checkAadhaarExists(aadhaarNumber: string): Promise<...>; ... 39 more ...; getAllFamiliesWithMembers(): Promise<...>; }'.
app/api/documents/user/[userId]/route.ts(20,45): error TS2339: Property 'getUserDocuments' does not exist on type '{ checkEmailExists(email: string): Promise<boolean>; checkLoginIdExists(loginId: string): Promise<boolean>; checkAadhaarExists(aadhaarNumber: string): Promise<...>; ... 39 more ...; getAllFamiliesWithMembers(): Promise<...>; }'.
app/api/family-arrays/route.ts(27,7): error TS2588: Cannot assign to 'familyCode' because it is a constant.
app/api/family-arrays/route.ts(40,69): error TS2345: Argument of type 'string | null' is not assignable to parameter of type 'string'.
  Type 'null' is not assignable to type 'string'.
app/api/family-arrays/route.ts(49,70): error TS2345: Argument of type 'string | null' is not assignable to parameter of type 'string'.
  Type 'null' is not assignable to type 'string'.
app/api/family-arrays/route.ts(53,54): error TS2345: Argument of type 'string | null' is not assignable to parameter of type 'string'.
  Type 'null' is not assignable to type 'string'.
app/api/family-arrays/route.ts(54,75): error TS2345: Argument of type 'string | null' is not assignable to parameter of type 'string'.
  Type 'null' is not assignable to type 'string'.
app/api/family-members/[id]/route.ts(32,49): error TS2551: Property 'updateFamilyMember' does not exist on type '{ checkEmailExists(email: string): Promise<boolean>; checkLoginIdExists(loginId: string): Promise<boolean>; checkAadhaarExists(aadhaarNumber: string): Promise<...>; ... 39 more ...; getAllFamiliesWithMembers(): Promise<...>; }'. Did you mean 'updateFamilyMemberArrays'?
app/api/family-members/search/route.ts(34,43): error TS2339: Property 'searchFamilyMembers' does not exist on type '{ checkEmailExists(email: string): Promise<boolean>; checkLoginIdExists(loginId: string): Promise<boolean>; checkAadhaarExists(aadhaarNumber: string): Promise<...>; ... 39 more ...; getAllFamiliesWithMembers(): Promise<...>; }'.
app/api/family-tree/ensure-nodes/route.ts(24,7): error TS2783: 'success' is specified more than once, so this usage will be overwritten.
components/family-tree/CustomEdge.tsx(60,26): error TS2339: Property 'includes' does not exist on type '{}'.
components/family-tree/CustomEdge.tsx(60,66): error TS2339: Property 'includes' does not exist on type '{}'.
components/family-tree/CustomEdge.tsx(61,26): error TS2339: Property 'includes' does not exist on type '{}'.
components/family-tree/CustomEdge.tsx(61,66): error TS2339: Property 'includes' does not exist on type '{}'.
components/family-tree/CustomEdge.tsx(65,26): error TS2339: Property 'includes' does not exist on type '{}'.
components/family-tree/CustomEdge.tsx(65,65): error TS2339: Property 'includes' does not exist on type '{}'.
components/family-tree/CustomEdge.tsx(66,26): error TS2339: Property 'includes' does not exist on type '{}'.
components/family-tree/CustomEdge.tsx(66,65): error TS2339: Property 'includes' does not exist on type '{}'.
lib/mongodb/models/FamilyInvitation.ts(18,3): error TS2322: Type '{ type: typeof Schema.Types.ObjectId; ref: string; required: true; }' is not assignable to type 'SchemaDefinitionProperty<string, IFamilyInvitation, Document<unknown, {}, FlatRecord<IFamilyInvitation>, {}, ResolveSchemaOptions<DefaultSchemaOptions>> & FlatRecord<...> & Required<...> & { ...; }> | undefined'.
  Types of property 'type' are incompatible.
    Type 'typeof ObjectId' is not assignable to type 'StringSchemaDefinition | typeof Mixed | undefined'.
      Type 'typeof ObjectId' is not assignable to type 'StringConstructor | typeof String | typeof Mixed'.
        Type 'typeof ObjectId' is missing the following properties from type 'StringConstructor': fromCharCode, fromCodePoint, raw
lib/mongodb/models/FamilyInvitation.ts(19,3): error TS2322: Type '{ type: typeof Schema.Types.ObjectId; ref: string; required: true; }' is not assignable to type 'SchemaDefinitionProperty<string, IFamilyInvitation, Document<unknown, {}, FlatRecord<IFamilyInvitation>, {}, ResolveSchemaOptions<DefaultSchemaOptions>> & FlatRecord<...> & Required<...> & { ...; }> | undefined'.
  Types of property 'type' are incompatible.
    Type 'typeof ObjectId' is not assignable to type 'StringSchemaDefinition | typeof Mixed | undefined'.
      Type 'typeof ObjectId' is not assignable to type 'StringConstructor | typeof String | typeof Mixed'.
        Type 'typeof ObjectId' is missing the following properties from type 'StringConstructor': fromCharCode, fromCodePoint, raw
lib/mongodb/models/Notification.ts(17,3): error TS2322: Type '{ type: typeof Schema.Types.ObjectId; ref: string; required: true; }' is not assignable to type 'SchemaDefinitionProperty<string, INotification, Document<unknown, {}, FlatRecord<INotification>, {}, ResolveSchemaOptions<DefaultSchemaOptions>> & FlatRecord<...> & Required<...> & { ...; }> | undefined'.
  Types of property 'type' are incompatible.
    Type 'typeof ObjectId' is not assignable to type 'StringSchemaDefinition | typeof Mixed | undefined'.
      Type 'typeof ObjectId' is not assignable to type 'StringConstructor | typeof String | typeof Mixed'.
        Type 'typeof ObjectId' is missing the following properties from type 'StringConstructor': fromCharCode, fromCodePoint, raw
lib/mongodb/models/UserReference.ts(13,3): error TS2322: Type '{ type: typeof Schema.Types.ObjectId; ref: string; required: true; }' is not assignable to type 'SchemaDefinitionProperty<string, IUserReference, Document<unknown, {}, FlatRecord<IUserReference>, {}, ResolveSchemaOptions<DefaultSchemaOptions>> & FlatRecord<...> & Required<...> & { ...; }> | undefined'.
  Types of property 'type' are incompatible.
    Type 'typeof ObjectId' is not assignable to type 'StringSchemaDefinition | typeof Mixed | undefined'.
      Type 'typeof ObjectId' is not assignable to type 'StringConstructor | typeof String | typeof Mixed'.
        Type 'typeof ObjectId' is missing the following properties from type 'StringConstructor': fromCharCode, fromCodePoint, raw
scripts/migrate-to-unified-user-model.ts(39,33): error TS18048: 'db' is possibly 'undefined'.
scripts/migrate-to-unified-user-model.ts(40,41): error TS18048: 'db' is possibly 'undefined'.
scripts/migrate-to-unified-user-model.ts(41,39): error TS18048: 'db' is possibly 'undefined'.
scripts/migrate-to-unified-user-model.ts(42,49): error TS18048: 'db' is possibly 'undefined'.
scripts/test-integrity.ts(203,20): error TS18046: 'error' is of type 'unknown'.
